// Jest Snapshot v1, https://goo.gl/fbAQLP

exports[`Test EditProduct with shallow rendering should render correctly 1`] = `
<Formik
  enableReinitialize={true}
  handleSubmit={[Function]}
  history={
    Object {
      "goBack": [Function],
    }
  }
  initialValues={
    Object {
      "descVisibility": true,
      "manufacVisibility": true,
      "manufacturer": "Saregama",
      "nameVisibility": true,
      "price": 1200,
      "priceVisibility": true,
      "prodDesc": "A old radio",
      "prodName": "Radio",
      "quantity": 10,
      "quantityVisibility": true,
    }
  }
  match={
    Object {
      "params": Object {
        "id": "32d9fd8f-91dd-5668-b003-83020ea5439f",
      },
    }
  }
  onSubmit={[Function]}
  products={
    Array [
      Object {
        "description": Object {
          "value": "A simple Laptop",
          "visible": true,
        },
        "id": "63796e43-f23b-542e-99a7-11db520c7bb6",
        "manufacturer": Object {
          "value": "Lenovo",
          "visible": true,
        },
        "name": Object {
          "value": "Laptop",
          "visible": true,
        },
        "price": Object {
          "value": 64999,
          "visible": true,
        },
        "quantity": Object {
          "value": 1,
          "visible": true,
        },
        "views": 6,
      },
      Object {
        "description": Object {
          "value": "Smartphone",
          "visible": true,
        },
        "id": "d8548a39-7a6a-5258-bf6c-92fde0dc21fa",
        "manufacturer": Object {
          "value": "Realme",
          "visible": true,
        },
        "name": Object {
          "value": "Mobile Phone",
          "visible": true,
        },
        "price": Object {
          "value": 15000,
          "visible": true,
        },
        "quantity": Object {
          "value": 1,
          "visible": true,
        },
        "views": 3,
      },
      Object {
        "description": Object {
          "value": "A desktop PC fully assembled with all components. Mouse and Keyboard included.",
          "visible": true,
        },
        "id": "cc61beb5-3315-5a82-9b34-da193d64a55c",
        "manufacturer": Object {
          "value": "HP",
          "visible": true,
        },
        "name": Object {
          "value": "Computer",
          "visible": true,
        },
        "price": Object {
          "value": 35000,
          "visible": true,
        },
        "quantity": Object {
          "value": 1,
          "visible": false,
        },
        "views": 4,
      },
      Object {
        "description": Object {
          "value": "A old radio",
          "visible": true,
        },
        "id": "32d9fd8f-91dd-5668-b003-83020ea5439f",
        "manufacturer": Object {
          "value": "Saregama",
          "visible": true,
        },
        "name": Object {
          "value": "Radio",
          "visible": true,
        },
        "price": Object {
          "value": 1200,
          "visible": true,
        },
        "quantity": Object {
          "value": 10,
          "visible": true,
        },
        "views": 4,
      },
    ]
  }
  validationSchema={[Function]}
>
  <Component />
</Formik>
`;
